[dotenv@17.2.3] injecting env (10) from .env -- tip: ??????  enable debug logging with { debug: true }
[dotenv@17.2.3] injecting env (0) from .env -- tip: ???? encrypt with Dotenvx: https://dotenvx.com
node : C:\Users\admin\D
esktop\CongTyInQuangPha
t\backend\controllers\p
roductionOrderControlle
r.js:7
At line:1 char:1
+ node server.js 2>&1 
| Out-File -Encoding 
ASCII error.log
+ ~~~~~~~~~~~~~~~~~~~
    + CategoryInfo     
         : NotSpecifi  
  ed: (C:\Users\admi   
 n\...Controller.js    
:7:String) [], Rem    
oteException
    + FullyQualifiedEr 
   rorId : NativeComm  
  andError
 
const 
getProductionOrders = 
asyncHandler(async 
(req, res) => {
                       
     ^

TypeError: 
asyncHandler is not a 
function
    at 
Object.<anonymous> (C:\
Users\admin\Desktop\Con
gTyInQuangPhat\backend\
controllers\productionO
rderController.js:7:29)
    at Module._compile 
(node:internal/modules/
cjs/loader:1706:14)
    at Object..js (node
:internal/modules/cjs/l
oader:1839:10)
    at Module.load (nod
e:internal/modules/cjs/
loader:1441:32)
    at Function._load (
node:internal/modules/c
js/loader:1263:12)
    at TracingChannel.t
raceSync (node:diagnost
ics_channel:328:14)
    at wrapModuleLoad (
node:internal/modules/c
js/loader:237:24)
    at Module.require (
node:internal/modules/c
js/loader:1463:12)
    at require (node:in
ternal/modules/helpers:
147:16)
    at 
Object.<anonymous> (C:\
Users\admin\Desktop\Con
gTyInQuangPhat\backend\
routes\productionOrderR
outes.js:10:5)

Node.js v22.21.1
